// Jest Snapshot v1, https://goo.gl/fbAQLP

exports[`analyzeReceipt can analyze LCBO receipt 1`] = `
Array [
  Object {
    "deposit": 0.1,
    "id": "00491183",
    "name": "GEORGIAN BAY VODKA SMASH",
    "quantity": 1,
    "value": 3,
    "volume": 473,
  },
  Object {
    "deposit": 0.2,
    "id": "00028049",
    "name": "ZIRKOVA UNITY VODKA",
    "quantity": 1,
    "value": 34.75,
    "volume": 750,
  },
  Object {
    "deposit": 0.2,
    "id": "00446021",
    "name": "BACARDI COCONUT RUM",
    "quantity": 1,
    "value": 29,
    "volume": 750,
  },
  Object {
    "deposit": 0.1,
    "id": "00019347",
    "name": "SAUZA GOLD",
    "quantity": 1,
    "value": 2.85,
    "volume": 355,
  },
  Object {
    "deposit": 0.1,
    "id": "00024321",
    "name": "DILLON'S TANGERINE LEMON & A HINT OF M",
    "quantity": 1,
    "value": 3.05,
    "volume": 473,
  },
  Object {
    "deposit": 0.1,
    "id": "00267286",
    "name": "FOUNDER'S ORIGINAL TEQUILA PALOMA",
    "quantity": 1,
    "value": 20.85,
    "volume": 375,
  },
  Object {
    "deposit": 0.1,
    "id": "00019350",
    "name": "FOUNDER'S ORIGINAL BOURBON SOUR",
    "quantity": 1,
    "value": 3,
    "volume": 355,
  },
]
`;

exports[`analyzeReceipt can analyze Walmart receipt 1`] = `
Array [
  Object {
    "name": "YAM / SW POT R",
    "sku": "000000004074",
    "value": 5.98,
  },
  Object {
    "name": "R LIB GRK 650 $ D",
    "sku": "006568412394",
    "value": 5.98,
  },
  Object {
    "name": "HGDZ VNCMLPR R $",
    "sku": "005500040742",
    "value": 0,
  },
  Object {
    "name": "CHK BST BNLS R $ D",
    "sku": "060538876501",
    "value": 1.97,
  },
  Object {
    "name": "CL TUNA DILL R D",
    "sku": "006136243483",
    "value": 1.97,
  },
  Object {
    "name": "CL TUNA - CHIL R D",
    "sku": "006136243485",
    "value": 1.97,
  },
  Object {
    "name": "CL TUNA - CHIL R D",
    "sku": "006136243485",
    "value": 2.27,
  },
  Object {
    "name": "MINI CARROTS R D",
    "sku": "003338366602",
    "value": 1.47,
  },
  Object {
    "name": "CUCUMBER R",
    "sku": "000000004593",
    "value": 2.52,
  },
  Object {
    "name": "SQURSH ZUCE D",
    "sku": "0000000040678",
    "value": 2.52,
  },
  Object {
    "name": "R KIWI",
    "sku": "000000004030",
    "value": 6.97,
  },
  Object {
    "name": "WLDRF SALAD R $",
    "sku": "088804800082",
    "value": 6.97,
  },
  Object {
    "name": "ONION SCAL R $ D",
    "sku": "000000004068",
    "value": 0.97,
  },
  Object {
    "name": "BROC STLK R $ D",
    "sku": "000000004060",
    "value": 2.47,
  },
  Object {
    "name": "RED GRAPES R",
    "sku": "000000004023",
    "value": 0,
  },
]
`;
