// Jest Snapshot v1, https://goo.gl/fbAQLP

exports[`analyzeReceipt can analyze LCBO receipt 1`] = `
[
  {
    "deposit": 0.1,
    "id": "00491183",
    "name": "GEORGIAN BAY VODKA SMASH",
    "quantity": 1,
    "value": 3,
    "volume": 473,
  },
  {
    "deposit": 0.2,
    "id": "00028049",
    "name": "ZIRKOVA UNITY VODKA",
    "quantity": 1,
    "value": 34.75,
    "volume": 750,
  },
  {
    "deposit": 0.2,
    "id": "00446021",
    "name": "BACARDI COCONUT RUM",
    "quantity": 1,
    "value": 29,
    "volume": 750,
  },
  {
    "deposit": 0.1,
    "id": "00267286",
    "name": "SAUZA GOLD",
    "quantity": 1,
    "value": 20.85,
    "volume": 375,
  },
  {
    "deposit": 0.1,
    "id": "00019347",
    "name": "FOUNDER'S ORIGINAL BOURBON SOUR",
    "quantity": 1,
    "value": 2.85,
    "volume": 355,
  },
  {
    "deposit": 0.1,
    "id": "00024319",
    "name": "DILLON'S TANGERINE LEMON & A HINT OF M",
    "quantity": 1,
    "value": 3.05,
    "volume": 473,
  },
  {
    "deposit": 0.1,
    "id": "00024321",
    "name": "DILLON'S BLACKBERRY LEMON & A DASH OF",
    "quantity": 1,
    "value": 3.05,
    "volume": 473,
  },
  {
    "deposit": 0.1,
    "id": "00019350",
    "name": "FOUNDER'S ORIGINAL TEQUILA PALOMA",
    "quantity": 1,
    "value": 3,
    "volume": 355,
  },
]
`;

exports[`analyzeReceipt can analyze Walmart receipt 1`] = `
[
  {
    "name": "Yam / Sw Pot",
    "sku": "000000004074R",
    "value": 3.47,
  },
  {
    "name": "Lib Grk 650",
    "sku": "006568412394R",
    "value": 5.98,
  },
  {
    "name": "Hgdz Vncmlpr",
    "sku": "005500040742R",
    "value": 12,
  },
  {
    "name": "Chk Bst Bnls",
    "sku": "060538876501R",
    "value": 1.97,
  },
  {
    "name": "Cl Tuna Dill",
    "sku": "006136243483R",
    "value": 1.97,
  },
  {
    "name": "Cl Tuna - Chil",
    "sku": "006136243485R",
    "value": 1.97,
  },
  {
    "name": "Cl Tuna - Chil",
    "sku": "006136243485R",
    "value": 2.27,
  },
  {
    "name": "Mini Carrots",
    "sku": "003338366602R",
    "value": 1.47,
  },
  {
    "name": "Cucumber",
    "sku": "000000004593R",
    "value": 2.52,
  },
  {
    "name": "Sqursh Zuce",
    "sku": "0000000040678",
    "value": 2.52,
  },
  {
    "name": "Kiwi",
    "sku": "000000004030R",
    "value": 2.61,
  },
  {
    "name": "Wldrf Salad",
    "sku": "088804800082R",
    "value": 6.97,
  },
  {
    "name": "Onion Scal",
    "sku": "000000004068R",
    "value": 0.97,
  },
  {
    "name": "Broc Stlk",
    "sku": "000000004060R",
    "value": 2.47,
  },
  {
    "name": "Red Grapes",
    "sku": "000000004023R",
    "value": 3.75,
  },
]
`;
