// Jest Snapshot v1, https://goo.gl/fbAQLP

exports[`analyzeReceipt can analyze LCBO receipt 1`] = `
Array [
  Object {
    "deposit": 0.1,
    "id": "00491183",
    "name": "GEORGIAN BAY VODKA SMASH",
    "quantity": 1,
    "value": 3,
    "volume": 473,
  },
  Object {
    "deposit": 0.2,
    "id": "00028049",
    "name": "ZIRKOVA UNITY VODKA",
    "quantity": 1,
    "value": 34.75,
    "volume": 750,
  },
  Object {
    "deposit": 0.2,
    "id": "00446021",
    "name": "BACARDI COCONUT RUM",
    "quantity": 1,
    "value": 29,
    "volume": 750,
  },
  Object {
    "deposit": 0.1,
    "id": "00019347",
    "name": "SAUZA GOLD",
    "quantity": 1,
    "value": 2.85,
    "volume": 355,
  },
  Object {
    "deposit": 0.1,
    "id": "00024321",
    "name": "DILLON'S TANGERINE LEMON & A HINT OF M",
    "quantity": 1,
    "value": 3.05,
    "volume": 473,
  },
  Object {
    "deposit": 0.1,
    "id": "00267286",
    "name": "FOUNDER'S ORIGINAL TEQUILA PALOMA",
    "quantity": 1,
    "value": 20.85,
    "volume": 375,
  },
  Object {
    "deposit": 0.1,
    "id": "00019350",
    "name": "FOUNDER'S ORIGINAL BOURBON SOUR",
    "quantity": 1,
    "value": 3,
    "volume": 355,
  },
]
`;
